
R version 3.2.0 (2015-04-16) -- "Full of Ingredients"
Copyright (C) 2015 The R Foundation for Statistical Computing
Platform: x86_64-apple-darwin13.4.0 (64-bit)

R is free software and comes with ABSOLUTELY NO WARRANTY.
You are welcome to redistribute it under certain conditions.
Type 'license()' or 'licence()' for distribution details.

  Natural language support but running in an English locale

R is a collaborative project with many contributors.
Type 'contributors()' for more information and
'citation()' on how to cite R or R packages in publications.

Type 'demo()' for some demos, 'help()' for on-line help, or
'help.start()' for an HTML browser interface to help.
Type 'q()' to quit R.

> pkgname <- "smart"
> source(file.path(R.home("share"), "R", "examples-header.R"))
> options(warn = 1)
> base::assign(".ExTimings", "smart-Ex.timings", pos = 'CheckExEnv')
> base::cat("name\tuser\tsystem\telapsed\n", file=base::get(".ExTimings", pos = 'CheckExEnv'))
> base::assign(".format_ptime",
+ function(x) {
+   if(!is.na(x[4L])) x[1L] <- x[1L] + x[4L]
+   if(!is.na(x[5L])) x[2L] <- x[2L] + x[5L]
+   options(OutDec = '.')
+   format(x[1L:3L], digits = 7L)
+ },
+ pos = 'CheckExEnv')
> 
> ### * </HEADER>
> library('smart')
> 
> base::assign(".oldSearch", base::search(), pos = 'CheckExEnv')
> cleanEx()
> nameEx("TCA")
> ### * TCA
> 
> flush(stderr()); flush(stdout())
> 
> base::assign(".ptime", proc.time(), pos = "CheckExEnv")
> ### Name: TCA
> ### Title: Transelliptical Component Analysis
> ### Aliases: TCA
> 
> ### ** Examples
> 
> x=matrix(rnorm(20000),100)
> fit=TCA(x,K=6, para=c(10,10,10,5,5,5))
Conducting nonparanormal (npn) transformation via kendall....done.
Conducting TP....123456
12345678
123456789
12345678910111213141516171819
123456789
123456789101112131415161718192021
done
> fit
Method: Kendall 
Algorithm: Truncated Power Algorithm 
Input: The Data Matrix
6 sparse PCs 
Proportion of variance explained by first k components: 0.01238196 0.0236272 0.0354629 0.04455607 0.05303253 0.06182763 
Number of nonzero loadings: 10 10 10 5 5 5 
Sparse Loadings 
              PC1        PC2        PC3        PC4        PC5        PC6
  [1,]  0.0000000  0.0000000  0.0000000  0.0000000  0.0000000  0.0000000
  [2,]  0.0000000  0.0000000  0.0000000  0.0000000  0.0000000  0.0000000
  [3,]  0.0000000  0.0000000  0.0000000  0.0000000  0.0000000  0.0000000
  [4,]  0.0000000  0.0000000  0.0000000  0.0000000  0.0000000  0.0000000
  [5,]  0.0000000  0.0000000  0.0000000  0.0000000  0.0000000  0.0000000
  [6,]  0.0000000  0.0000000  0.0000000  0.0000000  0.0000000  0.0000000
  [7,]  0.0000000  0.0000000  0.0000000  0.0000000  0.0000000  0.0000000
  [8,]  0.0000000  0.0000000  0.0000000  0.0000000  0.0000000  0.0000000
  [9,]  0.0000000  0.0000000  0.0000000  0.0000000  0.0000000  0.0000000
 [10,] -0.2762925  0.0000000  0.0000000  0.0000000  0.0000000  0.0000000
 [11,]  0.0000000  0.0000000  0.0000000  0.0000000  0.0000000  0.0000000
 [12,]  0.0000000  0.0000000  0.0000000  0.0000000  0.0000000  0.0000000
 [13,]  0.0000000  0.4068252  0.0000000  0.0000000  0.0000000  0.0000000
 [14,]  0.0000000  0.0000000  0.0000000  0.0000000  0.0000000  0.0000000
 [15,]  0.0000000  0.0000000  0.0000000  0.0000000  0.0000000  0.0000000
 [16,]  0.0000000  0.0000000  0.0000000  0.0000000  0.0000000  0.0000000
 [17,]  0.0000000  0.0000000  0.0000000  0.0000000  0.0000000  0.0000000
 [18,]  0.0000000 -0.3185951  0.0000000  0.0000000  0.0000000  0.0000000
 [19,]  0.0000000  0.0000000  0.0000000  0.0000000  0.0000000  0.0000000
 [20,]  0.0000000  0.0000000  0.0000000  0.0000000  0.0000000  0.0000000
 [21,]  0.0000000  0.0000000  0.0000000  0.0000000  0.0000000  0.0000000
 [22,]  0.0000000  0.0000000  0.0000000  0.0000000  0.0000000  0.0000000
 [23,]  0.0000000 -0.2729331  0.0000000  0.0000000  0.0000000  0.0000000
 [24,]  0.0000000  0.0000000  0.0000000  0.0000000  0.0000000  0.0000000
 [25,]  0.0000000  0.0000000  0.0000000  0.0000000  0.0000000  0.0000000
 [26,]  0.0000000  0.0000000  0.0000000  0.0000000  0.0000000  0.0000000
 [27,]  0.0000000  0.0000000  0.0000000  0.0000000  0.0000000  0.0000000
 [28,]  0.0000000  0.0000000  0.0000000  0.0000000  0.0000000  0.0000000
 [29,]  0.0000000  0.0000000  0.0000000  0.0000000  0.0000000  0.0000000
 [30,]  0.0000000  0.0000000  0.0000000  0.0000000  0.0000000  0.0000000
 [31,]  0.0000000  0.0000000  0.0000000  0.0000000  0.0000000  0.0000000
 [32,]  0.0000000  0.0000000  0.0000000  0.0000000  0.0000000  0.0000000
 [33,]  0.0000000  0.0000000  0.0000000  0.0000000  0.0000000  0.4254180
 [34,]  0.0000000  0.0000000  0.0000000  0.0000000  0.0000000  0.0000000
 [35,]  0.0000000  0.0000000  0.0000000  0.0000000  0.0000000  0.0000000
 [36,]  0.0000000  0.0000000  0.0000000  0.0000000  0.0000000  0.0000000
 [37,]  0.0000000  0.0000000  0.0000000  0.0000000  0.0000000  0.4493977
 [38,]  0.0000000  0.0000000  0.0000000  0.0000000  0.0000000  0.0000000
 [39,]  0.0000000  0.0000000  0.0000000  0.0000000  0.0000000  0.0000000
 [40,]  0.0000000 -0.2690711  0.0000000  0.0000000  0.0000000  0.0000000
 [41,]  0.0000000  0.0000000  0.0000000  0.0000000  0.0000000  0.0000000
 [42,]  0.0000000  0.0000000  0.0000000  0.0000000 -0.3420960  0.0000000
 [43,]  0.0000000  0.0000000  0.0000000  0.0000000  0.0000000  0.0000000
 [44,]  0.0000000  0.0000000  0.0000000  0.0000000  0.0000000  0.0000000
 [45,]  0.0000000  0.0000000  0.0000000  0.0000000  0.0000000  0.0000000
 [46,]  0.0000000  0.0000000  0.0000000  0.0000000  0.0000000  0.0000000
 [47,]  0.0000000  0.0000000  0.3736104  0.0000000  0.0000000  0.0000000
 [48,]  0.0000000  0.0000000  0.0000000  0.0000000  0.0000000  0.0000000
 [49,]  0.0000000  0.0000000  0.0000000  0.0000000  0.0000000  0.0000000
 [50,] -0.2618520  0.0000000  0.0000000  0.0000000  0.0000000  0.0000000
 [51,]  0.0000000  0.0000000  0.0000000  0.0000000  0.0000000  0.0000000
 [52,]  0.0000000  0.0000000  0.0000000  0.0000000  0.0000000  0.0000000
 [53,]  0.0000000  0.0000000  0.0000000  0.0000000  0.0000000  0.0000000
 [54,]  0.0000000  0.0000000  0.0000000  0.0000000  0.0000000  0.0000000
 [55,]  0.0000000  0.0000000  0.0000000  0.0000000  0.0000000  0.0000000
 [56,]  0.0000000  0.0000000  0.0000000  0.0000000  0.0000000  0.0000000
 [57,]  0.0000000  0.0000000  0.0000000  0.0000000  0.0000000  0.0000000
 [58,]  0.0000000  0.0000000  0.0000000  0.0000000  0.0000000  0.0000000
 [59,]  0.0000000  0.0000000  0.0000000  0.0000000  0.0000000  0.0000000
 [60,]  0.0000000  0.0000000  0.0000000  0.0000000  0.0000000  0.0000000
 [61,]  0.0000000  0.0000000  0.0000000  0.0000000  0.0000000  0.0000000
 [62,]  0.0000000  0.0000000  0.0000000 -0.5135977  0.0000000  0.0000000
 [63,]  0.0000000  0.0000000  0.0000000  0.0000000  0.0000000  0.4480809
 [64,]  0.0000000  0.0000000  0.0000000  0.0000000  0.0000000  0.0000000
 [65,]  0.0000000  0.0000000  0.0000000  0.0000000  0.0000000  0.0000000
 [66,]  0.3946877  0.0000000  0.0000000  0.0000000  0.0000000  0.0000000
 [67,]  0.0000000  0.0000000  0.0000000  0.0000000  0.0000000  0.0000000
 [68,]  0.0000000  0.0000000  0.0000000  0.0000000  0.0000000  0.0000000
 [69,]  0.0000000  0.0000000  0.0000000  0.0000000  0.0000000  0.0000000
 [70,]  0.0000000  0.0000000  0.0000000  0.0000000  0.0000000  0.0000000
 [71,]  0.0000000  0.0000000  0.0000000  0.0000000  0.0000000  0.0000000
 [72,]  0.0000000  0.0000000  0.0000000  0.5322427  0.0000000  0.0000000
 [73,]  0.0000000  0.0000000  0.0000000  0.0000000  0.0000000  0.0000000
 [74,]  0.0000000  0.0000000  0.0000000  0.0000000  0.0000000  0.0000000
 [75,]  0.0000000  0.0000000  0.3523486  0.0000000  0.0000000  0.0000000
 [76,]  0.2904624  0.0000000  0.0000000  0.0000000  0.0000000  0.0000000
 [77,]  0.0000000  0.0000000  0.0000000  0.0000000  0.0000000  0.0000000
 [78,]  0.0000000  0.0000000  0.0000000  0.0000000  0.0000000  0.0000000
 [79,]  0.0000000  0.0000000  0.0000000  0.0000000  0.0000000  0.0000000
 [80,]  0.0000000  0.0000000  0.0000000  0.0000000  0.0000000  0.0000000
 [81,]  0.0000000  0.0000000  0.0000000  0.0000000  0.0000000  0.0000000
 [82,]  0.0000000  0.0000000  0.0000000  0.0000000  0.0000000  0.0000000
 [83,]  0.0000000  0.0000000  0.0000000  0.0000000  0.0000000  0.0000000
 [84,]  0.0000000  0.0000000  0.0000000  0.0000000  0.0000000  0.0000000
 [85,]  0.0000000  0.0000000  0.0000000  0.0000000  0.0000000  0.0000000
 [86,]  0.0000000  0.0000000  0.0000000  0.0000000  0.0000000  0.0000000
 [87,]  0.0000000  0.0000000  0.0000000  0.0000000  0.0000000  0.0000000
 [88,]  0.0000000  0.0000000  0.0000000  0.0000000  0.0000000  0.0000000
 [89,]  0.0000000  0.0000000  0.0000000  0.0000000  0.0000000  0.0000000
 [90,]  0.0000000  0.0000000  0.0000000  0.0000000  0.0000000  0.0000000
 [91,]  0.0000000  0.3635818  0.0000000  0.0000000  0.0000000  0.0000000
 [92,]  0.0000000  0.0000000  0.0000000  0.0000000  0.0000000  0.0000000
 [93,]  0.0000000  0.0000000  0.0000000  0.0000000  0.0000000 -0.4699084
 [94,] -0.2869302  0.0000000  0.0000000  0.0000000  0.0000000  0.0000000
 [95,]  0.0000000  0.0000000  0.0000000  0.0000000  0.0000000  0.0000000
 [96,]  0.3280703  0.0000000  0.0000000  0.0000000  0.0000000  0.0000000
 [97,]  0.0000000  0.0000000  0.0000000  0.0000000  0.0000000  0.0000000
 [98,]  0.0000000  0.0000000  0.0000000  0.0000000  0.0000000  0.0000000
 [99,]  0.0000000  0.0000000  0.0000000  0.0000000  0.0000000  0.0000000
[100,]  0.0000000  0.0000000  0.0000000  0.0000000  0.0000000  0.0000000
[101,]  0.0000000  0.0000000  0.0000000  0.0000000  0.0000000  0.0000000
[102,]  0.0000000  0.0000000  0.0000000  0.0000000  0.0000000  0.0000000
[103,]  0.0000000  0.0000000  0.0000000  0.0000000  0.0000000  0.0000000
[104,]  0.0000000  0.0000000  0.0000000  0.0000000  0.0000000  0.0000000
[105,]  0.0000000  0.0000000  0.0000000  0.0000000  0.0000000  0.0000000
[106,]  0.0000000  0.0000000  0.0000000  0.0000000  0.0000000  0.0000000
[107,]  0.0000000  0.0000000  0.0000000  0.0000000  0.0000000  0.0000000
[108,]  0.0000000  0.0000000  0.0000000  0.0000000  0.0000000  0.0000000
[109,]  0.0000000  0.0000000  0.0000000 -0.4067132  0.0000000  0.0000000
[110,]  0.0000000  0.0000000  0.0000000  0.0000000  0.0000000  0.0000000
[111,]  0.0000000  0.0000000  0.0000000  0.0000000  0.0000000  0.0000000
[112,]  0.0000000  0.0000000  0.0000000  0.0000000  0.0000000  0.0000000
[113,]  0.0000000  0.0000000  0.0000000  0.0000000  0.0000000  0.0000000
[114,]  0.0000000  0.0000000  0.0000000  0.0000000  0.0000000  0.0000000
[115,]  0.0000000  0.0000000  0.0000000  0.0000000  0.0000000  0.0000000
[116,]  0.0000000  0.0000000  0.0000000  0.0000000  0.0000000  0.0000000
[117,]  0.0000000  0.0000000  0.0000000  0.0000000  0.0000000  0.0000000
[118,]  0.0000000  0.0000000 -0.2796519  0.0000000  0.0000000  0.0000000
[119,]  0.0000000  0.0000000  0.0000000  0.0000000  0.0000000  0.0000000
[120,]  0.0000000  0.0000000  0.0000000  0.0000000  0.0000000  0.0000000
[121,]  0.0000000  0.0000000  0.0000000  0.0000000  0.0000000  0.0000000
[122,]  0.0000000  0.0000000  0.0000000  0.0000000  0.0000000  0.0000000
[123,]  0.0000000  0.0000000  0.0000000  0.0000000  0.0000000  0.0000000
[124,]  0.0000000  0.0000000  0.0000000 -0.4614166  0.0000000  0.0000000
[125,]  0.0000000  0.0000000 -0.3820734  0.0000000  0.0000000  0.0000000
[126,]  0.0000000  0.2401099  0.0000000  0.0000000  0.0000000  0.0000000
[127,]  0.0000000  0.0000000  0.0000000  0.0000000  0.0000000  0.0000000
[128,]  0.0000000  0.0000000 -0.3251592  0.0000000  0.0000000  0.0000000
[129,]  0.0000000  0.0000000  0.0000000  0.0000000  0.0000000  0.0000000
[130,]  0.0000000  0.0000000 -0.3356272  0.0000000  0.0000000  0.0000000
[131,]  0.0000000  0.0000000  0.0000000  0.0000000  0.0000000  0.0000000
[132,]  0.0000000  0.0000000  0.0000000  0.0000000  0.0000000  0.0000000
[133,]  0.0000000  0.0000000  0.0000000  0.0000000  0.0000000  0.0000000
[134,]  0.0000000  0.0000000  0.0000000  0.0000000  0.0000000  0.0000000
[135,]  0.0000000  0.0000000  0.0000000  0.0000000  0.0000000  0.0000000
[136,]  0.0000000  0.0000000  0.0000000  0.0000000  0.0000000  0.0000000
[137,]  0.0000000  0.0000000  0.0000000  0.0000000  0.0000000  0.0000000
[138,]  0.0000000  0.0000000  0.0000000  0.0000000  0.0000000  0.0000000
[139,]  0.0000000  0.0000000  0.0000000  0.0000000  0.0000000  0.0000000
[140,]  0.0000000  0.0000000  0.0000000  0.0000000  0.0000000  0.0000000
[141,]  0.0000000  0.0000000  0.0000000  0.0000000  0.0000000 -0.4421209
[142,]  0.0000000  0.0000000  0.0000000  0.0000000  0.0000000  0.0000000
[143,]  0.0000000  0.0000000  0.0000000  0.0000000  0.0000000  0.0000000
[144,]  0.0000000  0.0000000  0.0000000  0.0000000  0.0000000  0.0000000
[145,]  0.0000000  0.0000000  0.0000000  0.0000000  0.0000000  0.0000000
[146,]  0.0000000  0.0000000  0.0000000  0.0000000  0.0000000  0.0000000
[147,]  0.0000000  0.0000000  0.0000000  0.0000000  0.0000000  0.0000000
[148,]  0.0000000  0.0000000  0.0000000  0.0000000  0.0000000  0.0000000
[149,]  0.0000000  0.0000000  0.0000000  0.0000000  0.0000000  0.0000000
[150,]  0.0000000  0.0000000 -0.3039580  0.0000000  0.0000000  0.0000000
[151,]  0.0000000  0.0000000  0.0000000  0.0000000  0.0000000  0.0000000
[152,]  0.0000000  0.0000000  0.0000000  0.0000000  0.0000000  0.0000000
[153,]  0.2844798  0.0000000  0.0000000  0.0000000  0.0000000  0.0000000
[154,]  0.0000000  0.0000000  0.0000000  0.0000000  0.0000000  0.0000000
[155,]  0.0000000  0.0000000  0.0000000  0.0000000 -0.5367917  0.0000000
[156,] -0.3303879  0.0000000  0.0000000  0.0000000  0.0000000  0.0000000
[157,]  0.0000000  0.0000000  0.0000000  0.0000000  0.0000000  0.0000000
[158,]  0.0000000  0.0000000  0.0000000  0.0000000  0.0000000  0.0000000
[159,]  0.0000000  0.0000000  0.0000000  0.0000000  0.0000000  0.0000000
[160,]  0.0000000  0.0000000  0.0000000  0.0000000  0.0000000  0.0000000
[161,]  0.0000000  0.0000000  0.0000000  0.0000000  0.0000000  0.0000000
[162,]  0.0000000  0.0000000  0.2317136  0.0000000  0.0000000  0.0000000
[163,]  0.0000000  0.0000000  0.2207078  0.0000000  0.0000000  0.0000000
[164,]  0.0000000  0.0000000  0.0000000  0.0000000  0.0000000  0.0000000
[165,]  0.0000000  0.0000000  0.0000000  0.0000000  0.0000000  0.0000000
[166,]  0.0000000  0.3205401  0.0000000  0.0000000  0.0000000  0.0000000
[167,]  0.0000000  0.0000000  0.0000000  0.0000000  0.0000000  0.0000000
[168,]  0.0000000  0.0000000  0.0000000  0.0000000  0.0000000  0.0000000
[169,]  0.0000000  0.0000000  0.0000000  0.0000000  0.0000000  0.0000000
[170,]  0.0000000 -0.3101790  0.0000000  0.0000000  0.0000000  0.0000000
[171,]  0.0000000 -0.3141922  0.0000000  0.0000000  0.0000000  0.0000000
[172,]  0.0000000  0.0000000  0.0000000  0.0000000  0.0000000  0.0000000
[173,]  0.0000000  0.0000000  0.0000000  0.0000000  0.0000000  0.0000000
[174,]  0.0000000  0.0000000 -0.3145040  0.0000000  0.0000000  0.0000000
[175,]  0.0000000  0.0000000  0.0000000  0.0000000  0.0000000  0.0000000
[176,]  0.0000000  0.0000000  0.0000000  0.0000000  0.0000000  0.0000000
[177,]  0.0000000  0.0000000  0.0000000  0.0000000  0.0000000  0.0000000
[178,]  0.3064254  0.0000000  0.0000000  0.0000000  0.0000000  0.0000000
[179,]  0.0000000  0.0000000  0.0000000  0.0000000  0.0000000  0.0000000
[180,]  0.0000000  0.0000000  0.0000000  0.0000000  0.5253089  0.0000000
[181,]  0.0000000  0.0000000  0.0000000  0.0000000  0.0000000  0.0000000
[182,]  0.0000000  0.0000000  0.0000000  0.0000000  0.0000000  0.0000000
[183,]  0.0000000  0.0000000  0.0000000  0.0000000  0.0000000  0.0000000
[184,]  0.0000000  0.0000000  0.0000000  0.0000000  0.5015174  0.0000000
[185,]  0.0000000  0.0000000  0.0000000  0.0000000  0.0000000  0.0000000
[186,]  0.0000000  0.0000000  0.0000000  0.0000000  0.0000000  0.0000000
[187,]  0.0000000  0.0000000  0.0000000 -0.2731559  0.0000000  0.0000000
[188,]  0.0000000  0.0000000  0.0000000  0.0000000  0.0000000  0.0000000
[189,]  0.0000000  0.0000000  0.0000000  0.0000000  0.0000000  0.0000000
[190,]  0.0000000  0.0000000  0.0000000  0.0000000  0.0000000  0.0000000
[191,]  0.0000000  0.0000000  0.0000000  0.0000000  0.0000000  0.0000000
[192,]  0.0000000  0.0000000  0.0000000  0.0000000  0.0000000  0.0000000
[193,]  0.3755113  0.0000000  0.0000000  0.0000000  0.0000000  0.0000000
[194,]  0.0000000  0.0000000  0.0000000  0.0000000  0.0000000  0.0000000
[195,]  0.0000000  0.0000000  0.0000000  0.0000000 -0.2595300  0.0000000
[196,]  0.0000000  0.0000000  0.0000000  0.0000000  0.0000000  0.0000000
[197,]  0.0000000  0.0000000  0.0000000  0.0000000  0.0000000  0.0000000
[198,]  0.0000000 -0.3139752  0.0000000  0.0000000  0.0000000  0.0000000
[199,]  0.0000000  0.0000000  0.0000000  0.0000000  0.0000000  0.0000000
[200,]  0.0000000  0.0000000  0.0000000  0.0000000  0.0000000  0.0000000
> plot(fit)
> 
> 
> 
> base::assign(".dptime", (proc.time() - get(".ptime", pos = "CheckExEnv")), pos = "CheckExEnv")
> base::cat("TCA", base::get(".format_ptime", pos = 'CheckExEnv')(get(".dptime", pos = "CheckExEnv")), "\n", file=base::get(".ExTimings", pos = 'CheckExEnv'), append=TRUE, sep="\t")
> cleanEx()
> nameEx("TCE")
> ### * TCE
> 
> flush(stderr()); flush(stdout())
> 
> base::assign(".ptime", proc.time(), pos = "CheckExEnv")
> ### Name: TCE
> ### Title: Transellptical Correlation Estimation
> ### Aliases: TCE
> 
> ### ** Examples
> 
> require(huge)
Loading required package: huge
Loading required package: Matrix
Loading required package: lattice
Loading required package: igraph

Attaching package: ‘igraph’

The following objects are masked from ‘package:stats’:

    decompose, spectrum

The following object is masked from ‘package:base’:

    union

Loading required package: MASS
> L = huge.generator(n = 200, d = 80, graph = "hub")
Generating data from the multivariate normal distribution with the hub graph structure....done.
> out = TCE(L$data,method="kendall")
Conducting nonparanormal (npn) transformation via kendall....done.
Conducting the transelliptical correlation estimation:5% Conducting the transelliptical correlation estimation:10% Conducting the transelliptical correlation estimation:15% Conducting the transelliptical correlation estimation:20% Conducting the transelliptical correlation estimation:25% Conducting the transelliptical correlation estimation:30% Conducting the transelliptical correlation estimation:35% Conducting the transelliptical correlation estimation:40% Conducting the transelliptical correlation estimation:45% Conducting the transelliptical correlation estimation:50% Conducting the transelliptical correlation estimation:55% Conducting the transelliptical correlation estimation:60% Conducting the transelliptical correlation estimation:65% Conducting the transelliptical correlation estimation:70% Conducting the transelliptical correlation estimation:75% Conducting the transelliptical correlation estimation:80% Conducting the transelliptical correlation estimation:85% Conducting the transelliptical correlation estimation:90% Conducting the transelliptical correlation estimation:95% Conducting the transelliptical correlation estimation:100% done 
> out
Transelliptical Correlation Estimation via Thresholding 
Method: kendall 
Input: The Data Matrix
Path length: 20 
Sparsity level: 0.0003164557 -----> 0.05 
> plot(out)
> 
> 
> 
> base::assign(".dptime", (proc.time() - get(".ptime", pos = "CheckExEnv")), pos = "CheckExEnv")
> base::cat("TCE", base::get(".format_ptime", pos = 'CheckExEnv')(get(".dptime", pos = "CheckExEnv")), "\n", file=base::get(".ExTimings", pos = 'CheckExEnv'), append=TRUE, sep="\t")
> cleanEx()

detaching ‘package:huge’, ‘package:MASS’, ‘package:igraph’,
  ‘package:lattice’, ‘package:Matrix’

> nameEx("gnsc.cv")
> ### * gnsc.cv
> 
> flush(stderr()); flush(stdout())
> 
> base::assign(".ptime", proc.time(), pos = "CheckExEnv")
> ### Name: gnsc.cv
> ### Title: A function to cross-validate the Group Nearest Shrunken Centroid
> ###   Classifier
> ### Aliases: gnsc.cv
> 
> ### ** Examples
> 
> set.seed(120)
> x <- matrix(rnorm(1000*20),ncol=20)
> y <- sample(c(1:4),size=20,replace=TRUE)
> z <- sample(c(1:10),size=1000,replace=TRUE)
> fit=gnsc.train(x, col.struc=y, row.struc=z,lambda.max=5, nlambda=20)
Conducting Group Nearest Shrunken Centroids...
Conducting Group Nearest Shrunken Centroids... 25 % Conducting Group Nearest Shrunken Centroids... 50 % Conducting Group Nearest Shrunken Centroids... 75 % Conducting Group Nearest Shrunken Centroids... 100 % 5 %10 %15 %20 %25 %30 %35 %40 %45 %50 %55 %60 %65 %70 %75 %80 %85 %90 %95 %100 %done
> fit
Group Nearest Shrunken Centroids Output
Number of Threshold Values: 20 
      threshold  nonzero errors
 [1,] 5.0000000        0    0.7
 [2,] 4.4293340        0    0.7
 [3,] 3.9237999        0    0.7
 [4,] 3.4759640        0    0.7
 [5,] 3.0792411        0    0.7
 [6,] 2.7277974        0    0.7
 [7,] 2.4164651        0    0.7
 [8,] 2.1406662        0    0.7
 [9,] 1.8963451        0    0.7
[10,] 1.6799091        0    0.7
[11,] 1.4881757        0    0.7
[12,] 1.3183254        0    0.7
[13,] 1.1678607        0    0.7
[14,] 1.0345690        0    0.7
[15,] 0.9164904        0    0.7
[16,] 0.8118884        0    0.7
[17,] 0.7192249        0    0.7
[18,] 0.6371375        0    0.7
[19,] 0.5644189        0    0.7
[20,] 0.5000000        0    0.7
predicted sample classes: 
      5 4.42933395205041 3.92379985175731 3.4759639808878 3.07924105533013
 [1,] 2                2                2               2                2
 [2,] 2                2                2               2                2
 [3,] 2                2                2               2                2
 [4,] 2                2                2               2                2
 [5,] 2                2                2               2                2
 [6,] 2                2                2               2                2
 [7,] 2                2                2               2                2
 [8,] 2                2                2               2                2
 [9,] 2                2                2               2                2
[10,] 2                2                2               2                2
[11,] 2                2                2               2                2
[12,] 2                2                2               2                2
[13,] 2                2                2               2                2
[14,] 2                2                2               2                2
[15,] 2                2                2               2                2
[16,] 2                2                2               2                2
[17,] 2                2                2               2                2
[18,] 2                2                2               2                2
[19,] 2                2                2               2                2
[20,] 2                2                2               2                2
      2.72779739058426 2.41646511928588 2.1406661993597 1.89634509536612
 [1,]                2                2               2                2
 [2,]                2                2               2                2
 [3,]                2                2               2                2
 [4,]                2                2               2                2
 [5,]                2                2               2                2
 [6,]                2                2               2                2
 [7,]                2                2               2                2
 [8,]                2                2               2                2
 [9,]                2                2               2                2
[10,]                2                2               2                2
[11,]                2                2               2                2
[12,]                2                2               2                2
[13,]                2                2               2                2
[14,]                2                2               2                2
[15,]                2                2               2                2
[16,]                2                2               2                2
[17,]                2                2               2                2
[18,]                2                2               2                2
[19,]                2                2               2                2
[20,]                2                2               2                2
      1.67990914314189 1.48817572081566 1.31832544936518 1.16786073454506
 [1,]                2                2                2                2
 [2,]                2                2                2                2
 [3,]                2                2                2                2
 [4,]                2                2                2                2
 [5,]                2                2                2                2
 [6,]                2                2                2                2
 [7,]                2                2                2                2
 [8,]                2                2                2                2
 [9,]                2                2                2                2
[10,]                2                2                2                2
[11,]                2                2                2                2
[12,]                2                2                2                2
[13,]                2                2                2                2
[14,]                2                2                2                2
[15,]                2                2                2                2
[16,]                2                2                2                2
[17,]                2                2                2                2
[18,]                2                2                2                2
[19,]                2                2                2                2
[20,]                2                2                2                2
      1.03456904055739 0.916490355416218 0.811888369594361 0.719224944143832
 [1,]                2                 2                 2                 2
 [2,]                2                 2                 2                 2
 [3,]                2                 2                 2                 2
 [4,]                2                 2                 2                 2
 [5,]                2                 2                 2                 2
 [6,]                2                 2                 2                 2
 [7,]                2                 2                 2                 2
 [8,]                2                 2                 2                 2
 [9,]                2                 2                 2                 2
[10,]                2                 2                 2                 2
[11,]                2                 2                 2                 2
[12,]                2                 2                 2                 2
[13,]                2                 2                 2                 2
[14,]                2                 2                 2                 2
[15,]                2                 2                 2                 2
[16,]                2                 2                 2                 2
[17,]                2                 2                 2                 2
[18,]                2                 2                 2                 2
[19,]                2                 2                 2                 2
[20,]                2                 2                 2                 2
      0.637137492851567 0.564418945842345 0.5
 [1,]                 2                 2   2
 [2,]                 2                 2   2
 [3,]                 2                 2   2
 [4,]                 2                 2   2
 [5,]                 2                 2   2
 [6,]                 2                 2   2
 [7,]                 2                 2   2
 [8,]                 2                 2   2
 [9,]                 2                 2   2
[10,]                 2                 2   2
[11,]                 2                 2   2
[12,]                 2                 2   2
[13,]                 2                 2   2
[14,]                 2                 2   2
[15,]                 2                 2   2
[16,]                 2                 2   2
[17,]                 2                 2   2
[18,]                 2                 2   2
[19,]                 2                 2   2
[20,]                 2                 2   2
> plot(fit)
> fit.cv=gnsc.cv(fit,x,y,z)
Conducting GNSC crossvalidation: 
Conducting GNSC crossvalidation: 20 % Conducting GNSC crossvalidation: 40 % Conducting GNSC crossvalidation: 60 % Conducting GNSC crossvalidation: 80 % Conducting GNSC crossvalidation: 100 % done
> fit.cv
Group Nearest Shrunken Centroids Cross Validation Output
Number of Threshold Values: 20 
      threshold  nonzero    errors
 [1,] 5.0000000        0 0.9714286
 [2,] 4.4293340        0 0.9714286
 [3,] 3.9237999        0 0.9714286
 [4,] 3.4759640        0 0.9714286
 [5,] 3.0792411        0 0.9714286
 [6,] 2.7277974        0 0.9714286
 [7,] 2.4164651        0 0.9714286
 [8,] 2.1406662        0 0.9714286
 [9,] 1.8963451        0 0.9714286
[10,] 1.6799091        0 0.9714286
[11,] 1.4881757        0 0.9714286
[12,] 1.3183254        0 0.9714286
[13,] 1.1678607        0 0.9714286
[14,] 1.0345690        0 0.9714286
[15,] 0.9164904        0 0.9714286
[16,] 0.8118884        0 0.9714286
[17,] 0.7192249        0 0.9714286
[18,] 0.6371375        0 0.9714286
[19,] 0.5644189        0 0.9714286
[20,] 0.5000000        0 0.9714286
> plot(fit.cv)
> 
> 
> 
> base::assign(".dptime", (proc.time() - get(".ptime", pos = "CheckExEnv")), pos = "CheckExEnv")
> base::cat("gnsc.cv", base::get(".format_ptime", pos = 'CheckExEnv')(get(".dptime", pos = "CheckExEnv")), "\n", file=base::get(".ExTimings", pos = 'CheckExEnv'), append=TRUE, sep="\t")
> cleanEx()
> nameEx("gnsc.train")
> ### * gnsc.train
> 
> flush(stderr()); flush(stdout())
> 
> base::assign(".ptime", proc.time(), pos = "CheckExEnv")
> ### Name: gnsc.train
> ### Title: gnsc.train
> ### Aliases: gnsc.train
> 
> ### ** Examples
> 
> set.seed(120)
> x <- matrix(rnorm(1000*20),ncol=20)
> y <- sample(c(1:4),size=20,replace=TRUE)
> z <- sample(c(1:10),size=1000,replace=TRUE)
> fit=gnsc.train(x, col.struc=y, row.struc=z,lambda.max=5, nlambda=20)
Conducting Group Nearest Shrunken Centroids...
Conducting Group Nearest Shrunken Centroids... 25 % Conducting Group Nearest Shrunken Centroids... 50 % Conducting Group Nearest Shrunken Centroids... 75 % Conducting Group Nearest Shrunken Centroids... 100 % 5 %10 %15 %20 %25 %30 %35 %40 %45 %50 %55 %60 %65 %70 %75 %80 %85 %90 %95 %100 %done
> fit
Group Nearest Shrunken Centroids Output
Number of Threshold Values: 20 
      threshold  nonzero errors
 [1,] 5.0000000        0    0.7
 [2,] 4.4293340        0    0.7
 [3,] 3.9237999        0    0.7
 [4,] 3.4759640        0    0.7
 [5,] 3.0792411        0    0.7
 [6,] 2.7277974        0    0.7
 [7,] 2.4164651        0    0.7
 [8,] 2.1406662        0    0.7
 [9,] 1.8963451        0    0.7
[10,] 1.6799091        0    0.7
[11,] 1.4881757        0    0.7
[12,] 1.3183254        0    0.7
[13,] 1.1678607        0    0.7
[14,] 1.0345690        0    0.7
[15,] 0.9164904        0    0.7
[16,] 0.8118884        0    0.7
[17,] 0.7192249        0    0.7
[18,] 0.6371375        0    0.7
[19,] 0.5644189        0    0.7
[20,] 0.5000000        0    0.7
predicted sample classes: 
      5 4.42933395205041 3.92379985175731 3.4759639808878 3.07924105533013
 [1,] 2                2                2               2                2
 [2,] 2                2                2               2                2
 [3,] 2                2                2               2                2
 [4,] 2                2                2               2                2
 [5,] 2                2                2               2                2
 [6,] 2                2                2               2                2
 [7,] 2                2                2               2                2
 [8,] 2                2                2               2                2
 [9,] 2                2                2               2                2
[10,] 2                2                2               2                2
[11,] 2                2                2               2                2
[12,] 2                2                2               2                2
[13,] 2                2                2               2                2
[14,] 2                2                2               2                2
[15,] 2                2                2               2                2
[16,] 2                2                2               2                2
[17,] 2                2                2               2                2
[18,] 2                2                2               2                2
[19,] 2                2                2               2                2
[20,] 2                2                2               2                2
      2.72779739058426 2.41646511928588 2.1406661993597 1.89634509536612
 [1,]                2                2               2                2
 [2,]                2                2               2                2
 [3,]                2                2               2                2
 [4,]                2                2               2                2
 [5,]                2                2               2                2
 [6,]                2                2               2                2
 [7,]                2                2               2                2
 [8,]                2                2               2                2
 [9,]                2                2               2                2
[10,]                2                2               2                2
[11,]                2                2               2                2
[12,]                2                2               2                2
[13,]                2                2               2                2
[14,]                2                2               2                2
[15,]                2                2               2                2
[16,]                2                2               2                2
[17,]                2                2               2                2
[18,]                2                2               2                2
[19,]                2                2               2                2
[20,]                2                2               2                2
      1.67990914314189 1.48817572081566 1.31832544936518 1.16786073454506
 [1,]                2                2                2                2
 [2,]                2                2                2                2
 [3,]                2                2                2                2
 [4,]                2                2                2                2
 [5,]                2                2                2                2
 [6,]                2                2                2                2
 [7,]                2                2                2                2
 [8,]                2                2                2                2
 [9,]                2                2                2                2
[10,]                2                2                2                2
[11,]                2                2                2                2
[12,]                2                2                2                2
[13,]                2                2                2                2
[14,]                2                2                2                2
[15,]                2                2                2                2
[16,]                2                2                2                2
[17,]                2                2                2                2
[18,]                2                2                2                2
[19,]                2                2                2                2
[20,]                2                2                2                2
      1.03456904055739 0.916490355416218 0.811888369594361 0.719224944143832
 [1,]                2                 2                 2                 2
 [2,]                2                 2                 2                 2
 [3,]                2                 2                 2                 2
 [4,]                2                 2                 2                 2
 [5,]                2                 2                 2                 2
 [6,]                2                 2                 2                 2
 [7,]                2                 2                 2                 2
 [8,]                2                 2                 2                 2
 [9,]                2                 2                 2                 2
[10,]                2                 2                 2                 2
[11,]                2                 2                 2                 2
[12,]                2                 2                 2                 2
[13,]                2                 2                 2                 2
[14,]                2                 2                 2                 2
[15,]                2                 2                 2                 2
[16,]                2                 2                 2                 2
[17,]                2                 2                 2                 2
[18,]                2                 2                 2                 2
[19,]                2                 2                 2                 2
[20,]                2                 2                 2                 2
      0.637137492851567 0.564418945842345 0.5
 [1,]                 2                 2   2
 [2,]                 2                 2   2
 [3,]                 2                 2   2
 [4,]                 2                 2   2
 [5,]                 2                 2   2
 [6,]                 2                 2   2
 [7,]                 2                 2   2
 [8,]                 2                 2   2
 [9,]                 2                 2   2
[10,]                 2                 2   2
[11,]                 2                 2   2
[12,]                 2                 2   2
[13,]                 2                 2   2
[14,]                 2                 2   2
[15,]                 2                 2   2
[16,]                 2                 2   2
[17,]                 2                 2   2
[18,]                 2                 2   2
[19,]                 2                 2   2
[20,]                 2                 2   2
> plot(fit)
> 
> 
> 
> base::assign(".dptime", (proc.time() - get(".ptime", pos = "CheckExEnv")), pos = "CheckExEnv")
> base::cat("gnsc.train", base::get(".format_ptime", pos = 'CheckExEnv')(get(".dptime", pos = "CheckExEnv")), "\n", file=base::get(".ExTimings", pos = 'CheckExEnv'), append=TRUE, sep="\t")
> ### * <FOOTER>
> ###
> options(digits = 7L)
> base::cat("Time elapsed: ", proc.time() - base::get("ptime", pos = 'CheckExEnv'),"\n")
Time elapsed:  7.186 0.155 7.455 0 0 
> grDevices::dev.off()
null device 
          1 
> ###
> ### Local variables: ***
> ### mode: outline-minor ***
> ### outline-regexp: "\\(> \\)?### [*]+" ***
> ### End: ***
> quit('no')
